exports[`Errors unknown error type 1`] = `"Unknown transport type:: test1 for transport \"test2\""`;
